sent,received,sf7,sf8,sf9,sf10,sf11,sf12
10,10,0,0,0,0,0,10
